
=== Sat Aug  7 20:16:26 2021

Packages were changed.
Update Mode: mergeDefaultDependencies

The following packages were added:
  com.unity.collab-proxy@1.5.7
  com.unity.ide.rider@2.0.7
  com.unity.ide.visualstudio@2.0.8
  com.unity.ide.vscode@1.2.3
  com.unity.modules.ai@1.0.0
  com.unity.modules.androidjni@1.0.0
  com.unity.modules.animation@1.0.0
  com.unity.modules.assetbundle@1.0.0
  com.unity.modules.audio@1.0.0
  com.unity.modules.cloth@1.0.0
  com.unity.modules.director@1.0.0
  com.unity.modules.imageconversion@1.0.0
  com.unity.modules.imgui@1.0.0
  com.unity.modules.jsonserialize@1.0.0
  com.unity.modules.particlesystem@1.0.0
  com.unity.modules.physics@1.0.0
  com.unity.modules.physics2d@1.0.0
  com.unity.modules.screencapture@1.0.0
  com.unity.modules.terrain@1.0.0
  com.unity.modules.terrainphysics@1.0.0
  com.unity.modules.tilemap@1.0.0
  com.unity.modules.ui@1.0.0
  com.unity.modules.uielements@1.0.0
  com.unity.modules.umbra@1.0.0
  com.unity.modules.unityanalytics@1.0.0
  com.unity.modules.unitywebrequest@1.0.0
  com.unity.modules.unitywebrequestassetbundle@1.0.0
  com.unity.modules.unitywebrequestaudio@1.0.0
  com.unity.modules.unitywebrequesttexture@1.0.0
  com.unity.modules.unitywebrequestwww@1.0.0
  com.unity.modules.vehicles@1.0.0
  com.unity.modules.video@1.0.0
  com.unity.modules.vr@1.0.0
  com.unity.modules.wind@1.0.0
  com.unity.modules.xr@1.0.0
  com.unity.test-framework@1.1.24
  com.unity.textmeshpro@3.0.6
  com.unity.timeline@1.4.8
  com.unity.ugui@1.0.0

=== Sat Aug 13 16:03:57 2022

Packages were changed.
Update Mode: updateDependencies

The following packages were added:
  com.unity.2d.sprite@1.0.0
  com.unity.2d.tilemap@1.0.0
  com.unity.ads@3.7.1
  com.unity.analytics@3.5.3
  com.unity.purchasing@3.1.0
  com.unity.xr.legacyinputhelpers@2.1.7

=== Mon Jan 16 11:15:26 2023

Packages were changed.
Update Mode: updateDependencies

The following packages were updated:
  com.unity.ads from version 3.7.1 to 3.7.5
  com.unity.analytics from version 3.5.3 to 3.6.12
  com.unity.collab-proxy from version 1.5.7 to 1.17.7
  com.unity.ide.rider from version 2.0.7 to 3.0.16
  com.unity.ide.visualstudio from version 2.0.8 to 2.0.16
  com.unity.ide.vscode from version 1.2.3 to 1.2.5
  com.unity.purchasing from version 3.1.0 to 4.5.1
  com.unity.test-framework from version 1.1.24 to 1.1.31
  com.unity.timeline from version 1.4.8 to 1.6.4
  com.unity.xr.management from version 4.0.7 to 4.2.0
  com.unity.xr.oculus from version 1.9.1 to 3.2.2

=== Sat May 25 01:02:37 2024

Packages were changed.
Update Mode: updateDependencies

The following packages were added:
  com.unity.ai.navigation@1.1.5
The following packages were updated:
  com.unity.ads from version 3.7.5 to 4.4.2
  com.unity.analytics from version 3.6.12 to 3.8.1
  com.unity.collab-proxy from version 1.17.7 to 2.3.1
  com.unity.ide.rider from version 3.0.16 to 3.0.28
  com.unity.ide.visualstudio from version 2.0.16 to 2.0.22
  com.unity.purchasing from version 4.5.1 to 4.11.0
  com.unity.recorder from version 3.0.3 to 4.0.2
  com.unity.shadergraph from version 12.1.8 to 14.0.11
  com.unity.test-framework from version 1.1.31 to 1.1.33
  com.unity.timeline from version 1.6.4 to 1.7.6
  com.unity.xr.management from version 4.2.1 to 4.4.0
  com.unity.xr.oculus from version 3.2.3 to 4.2.0
  com.unity.xr.openxr from version 1.5.3 to 1.10.0
